I'm sorry, but errors were detected in your script. Please correct the
errors listed below, and try again.


File "game/chapter 1.rpy", line 30: expected end of line.
    pause play sound "audio/oldphone_ringtone.ogg" volume 0.8 fadeout 0.5
               ^

Ren'Py Version: Ren'Py 8.3.6.25022803
Mon Jun  9 18:25:12 2025
